Task test:deployment deno test --allow-env --allow-read src/evaluator.test.ts src/deployment.test.ts src/deployment-plan.test.ts src/deployment-transactions.test.ts
Check src/evaluator.test.ts
Check src/deployment.test.ts
Check src/deployment-plan.test.ts
Check src/deployment-transactions.test.ts
running 1 test from ./src/evaluator.test.ts
Lucid and utils resolve the checksum-pinned evaluator correction ... ok (17ms)
running 20 tests from ./src/deployment.test.ts
deployment collateral preserves the large funding UTxO ... ok (314µs)
generatePortTokenName matches the cross-language transfer vector ... ok (453µs)
generic module deployments pin the spend handler from the blueprint ... ok (37µs)
every deployed channel operation is a mint-only policy ... ok (534ms)
chan_close_confirm is a mint-only policy in the compiled blueprint ... ok (308µs)
legacy client validator pins the recovery withdrawal validator ... ok (379µs)
HostState deployment pins the state-token minting policies ... ok (113µs)
applied legacy client validator fits a mainnet reference-script transaction ... ok (59ms)
fully applied production HostState fits the reference publication guard ... ok (22ms)
fully applied production transfer module fits the reference publication guard ... ok (477ms)
fully applied multitx client reserves 200 bytes for its signed publication ... ok (493ms)
mock and icq share the host-policy-bound generic module hash ... ok (16ms)
staged Tendermint validators preserve their hash dependencies ... ok (237ms)
sortPortRegistrations uses canonical bytes-key ordering ... ok (192µs)
buildReferenceValidatorBatches groups validators within the tx budget ... ok (131µs)
buildReferenceValidatorBatches keeps an oversized validator in its own batch ... ok (56µs)
buildReferenceValidatorSizeReport allows single validators that exceed the batch budget ... ok (4ms)
buildReferenceValidatorSizeReport flags validators that cannot fit alone ... ok (7ms)
DeploymentIbcTree commits leaves with key hash included ... ok (2ms)
collateral holdback keeps the main deployment funding output spendable ... ok (43µs)
running 7 tests from ./src/deployment-plan.test.ts
production plan is deterministic and partitions every loaded script by publication ... ok (1s)
the optional benchmark policy is inventoried and pins the registry variant ... ok (1s)
the deployment inventory uses the staged client and session policy graph ... ok (552ms)
the plan carries nonce changes through the full applied dependency graph ... ok (1s)
every reference in both production deployment modes satisfies the publication guard ... ok (962ms)
deployment preflight aborts before submitting recovery registration ...
------- post-test output -------
Create legacy deployment info
----- post-test output end -----
deployment preflight aborts before submitting recovery registration ... ok (585ms)
deployment preflight aborts before submitting nonce split ...
------- post-test output -------
Create legacy deployment info
Submitting tx [ SplitNonceUtxos ]
Submitting tx [ SplitNonceUtxos ]: signing ...
Submitting tx [ SplitNonceUtxos ]: signed tx size in bytes 2631
----- post-test output end -----
deployment preflight aborts before submitting nonce split ... ok (540ms)
running 4 tests from ./src/deployment-transactions.test.ts
every applied reference validator fits its signed production transaction ...
  production/verifying_proof.verify_proof.mint ...
------- post-test output -------
verifying_proof.verify_proof.mint: 9898 signed bytes, fee 591069 lovelace
----- post-test output end -----
  production/verifying_proof.verify_proof.mint ... ok (545ms)
  production/minting_port.mint_port.mint ...
------- post-test output -------
minting_port.mint_port.mint: 4759 signed bytes, fee 364953 lovelace
----- post-test output end -----
  production/minting_port.mint_port.mint ... ok (528ms)
  production/recover_client.recover_client.withdraw ...
------- post-test output -------
recover_client.recover_client.withdraw: 12206 signed bytes, fee 692621 lovelace
----- post-test output end -----
  production/recover_client.recover_client.withdraw ... ok (533ms)
  production/spending_tendermint_update_session.spend_tendermint_update_session.spend ...
------- post-test output -------
spending_tendermint_update_session.spend_tendermint_update_session.spend: 14247 signed bytes, fee 782425 lovelace
----- post-test output end -----
  production/spending_tendermint_update_session.spend_tendermint_update_session.spend ... ok (529ms)
  production/minting_tendermint_update_session.mint_tendermint_update_session.mint ...
------- post-test output -------
minting_tendermint_update_session.mint_tendermint_update_session.mint: 7828 signed bytes, fee 499989 lovelace
----- post-test output end -----
  production/minting_tendermint_update_session.mint_tendermint_update_session.mint ... ok (537ms)
  production/spending_multitx_client.spend_multitx_client.spend ...
------- post-test output -------
fund spending_multitx_client.spend_multitx_client.spend: 290 signed bytes, fee 168317 lovelace
spending_multitx_client.spend_multitx_client.spend: 15619 signed bytes, fee 1500000 lovelace
----- post-test output end -----
  production/spending_multitx_client.spend_multitx_client.spend ... ok (530ms)
  production/minting_client_stt.mint_client_stt.mint ...
------- post-test output -------
minting_client_stt.mint_client_stt.mint: 8922 signed bytes, fee 548125 lovelace
----- post-test output end -----
  production/minting_client_stt.mint_client_stt.mint ... ok (538ms)
  production/spending_connection.spend_connection.spend ...
------- post-test output -------
spending_connection.spend_connection.spend: 11873 signed bytes, fee 677969 lovelace
----- post-test output end -----
  production/spending_connection.spend_connection.spend ... ok (539ms)
  production/minting_connection_stt.mint_connection_stt.mint ...
------- post-test output -------
minting_connection_stt.mint_connection_stt.mint: 14514 signed bytes, fee 794173 lovelace
----- post-test output end -----
  production/minting_connection_stt.mint_connection_stt.mint ... ok (556ms)
  production/spending_channel/chan_open_ack.chan_open_ack.mint ...
------- post-test output -------
spending_channel/chan_open_ack.chan_open_ack.mint: 13424 signed bytes, fee 746213 lovelace
----- post-test output end -----
  production/spending_channel/chan_open_ack.chan_open_ack.mint ... ok (536ms)
  production/spending_channel/chan_open_confirm.chan_open_confirm.mint ...
------- post-test output -------
spending_channel/chan_open_confirm.chan_open_confirm.mint: 13011 signed bytes, fee 728041 lovelace
----- post-test output end -----
  production/spending_channel/chan_open_confirm.chan_open_confirm.mint ... ok (526ms)
  production/spending_channel/chan_close_init.chan_close_init.mint ...
------- post-test output -------
spending_channel/chan_close_init.chan_close_init.mint: 9697 signed bytes, fee 582225 lovelace
----- post-test output end -----
  production/spending_channel/chan_close_init.chan_close_init.mint ... ok (530ms)
  production/spending_channel/chan_close_confirm.chan_close_confirm.mint ...
------- post-test output -------
spending_channel/chan_close_confirm.chan_close_confirm.mint: 12826 signed bytes, fee 719901 lovelace
----- post-test output end -----
  production/spending_channel/chan_close_confirm.chan_close_confirm.mint ... ok (530ms)
  production/spending_channel/recv_packet.recv_packet.mint ...
------- post-test output -------
spending_channel/recv_packet.recv_packet.mint: 14094 signed bytes, fee 775693 lovelace
----- post-test output end -----
  production/spending_channel/recv_packet.recv_packet.mint ... ok (524ms)
  production/spending_channel/send_packet.send_packet.mint ...
------- post-test output -------
spending_channel/send_packet.send_packet.mint: 11437 signed bytes, fee 658785 lovelace
----- post-test output end -----
  production/spending_channel/send_packet.send_packet.mint ... ok (537ms)
  production/spending_channel/timeout_packet.timeout_packet.mint ...
------- post-test output -------
fund spending_channel/timeout_packet.timeout_packet.mint: 290 signed bytes, fee 168317 lovelace
spending_channel/timeout_packet.timeout_packet.mint: 15768 signed bytes, fee 1500000 lovelace
----- post-test output end -----
  production/spending_channel/timeout_packet.timeout_packet.mint ... ok (563ms)
  production/spending_channel/acknowledge_packet.acknowledge_packet.mint ...
------- post-test output -------
spending_channel/acknowledge_packet.acknowledge_packet.mint: 12992 signed bytes, fee 727205 lovelace
----- post-test output end -----
  production/spending_channel/acknowledge_packet.acknowledge_packet.mint ... ok (524ms)
  production/spending_channel/prune_packet_history.prune_packet_history.mint ...
------- post-test output -------
spending_channel/prune_packet_history.prune_packet_history.mint: 10187 signed bytes, fee 603785 lovelace
----- post-test output end -----
  production/spending_channel/prune_packet_history.prune_packet_history.mint ... ok (525ms)
  production/spending_channel.spend_channel.spend ...
------- post-test output -------
spending_channel.spend_channel.spend: 5510 signed bytes, fee 397997 lovelace
----- post-test output end -----
  production/spending_channel.spend_channel.spend ... ok (557ms)
  production/minting_channel_stt.mint_channel_stt.mint ...
------- post-test output -------
fund minting_channel_stt.mint_channel_stt.mint: 290 signed bytes, fee 168317 lovelace
minting_channel_stt.mint_channel_stt.mint: 15904 signed bytes, fee 1500000 lovelace
----- post-test output end -----
  production/minting_channel_stt.mint_channel_stt.mint ... ok (648ms)
  production/host_state_stt.host_state_stt.spend ...
------- post-test output -------
fund host_state_stt.host_state_stt.spend: 290 signed bytes, fee 168317 lovelace
host_state_stt.host_state_stt.spend: 15335 signed bytes, fee 1500000 lovelace
----- post-test output end -----
  production/host_state_stt.host_state_stt.spend ... ok (593ms)
  production/minting_identifier.minting_identifier.mint ...
------- post-test output -------
minting_identifier.minting_identifier.mint: 766 signed bytes, fee 189261 lovelace
----- post-test output end -----
  production/minting_identifier.minting_identifier.mint ... ok (539ms)
  production/voucher_metadata.voucher_metadata.spend ...
------- post-test output -------
voucher_metadata.voucher_metadata.spend: 2518 signed bytes, fee 266349 lovelace
----- post-test output end -----
  production/voucher_metadata.voucher_metadata.spend ... ok (530ms)
  production/minting_voucher.mint_voucher.mint ...
------- post-test output -------
minting_voucher.mint_voucher.mint: 14003 signed bytes, fee 771689 lovelace
----- post-test output end -----
  production/minting_voucher.mint_voucher.mint ... ok (558ms)
  production/minting_transfer_escrow_shard.mint_transfer_escrow_shard.mint ...
------- post-test output -------
minting_transfer_escrow_shard.mint_transfer_escrow_shard.mint: 8051 signed bytes, fee 509801 lovelace
----- post-test output end -----
  production/minting_transfer_escrow_shard.mint_transfer_escrow_shard.mint ... ok (546ms)
  production/spending_transfer_module.spend_transfer_module.spend ...
------- post-test output -------
fund spending_transfer_module.spend_transfer_module.spend: 290 signed bytes, fee 168317 lovelace
spending_transfer_module.spend_transfer_module.spend: 15529 signed bytes, fee 1500000 lovelace
----- post-test output end -----
  production/spending_transfer_module.spend_transfer_module.spend ... ok (557ms)
  production/trace_registry.spend_trace_registry.spend ...
------- post-test output -------
trace_registry.spend_trace_registry.spend: 8539 signed bytes, fee 531273 lovelace
----- post-test output end -----
  production/trace_registry.spend_trace_registry.spend ... ok (536ms)
  production/spending_mock_module.spend_mock_module.spend ...
------- post-test output -------
spending_mock_module.spend_mock_module.spend: 4142 signed bytes, fee 337805 lovelace
----- post-test output end -----
  production/spending_mock_module.spend_mock_module.spend ... ok (555ms)
  local-benchmark/verifying_proof.verify_proof.mint ...
------- post-test output -------
verifying_proof.verify_proof.mint: 9898 signed bytes, fee 591069 lovelace
----- post-test output end -----
  local-benchmark/verifying_proof.verify_proof.mint ... ok (527ms)
  local-benchmark/minting_port.mint_port.mint ...
------- post-test output -------
minting_port.mint_port.mint: 4759 signed bytes, fee 364953 lovelace
----- post-test output end -----
  local-benchmark/minting_port.mint_port.mint ... ok (519ms)
  local-benchmark/recover_client.recover_client.withdraw ...
------- post-test output -------
recover_client.recover_client.withdraw: 12206 signed bytes, fee 692621 lovelace
----- post-test output end -----
  local-benchmark/recover_client.recover_client.withdraw ... ok (529ms)
  local-benchmark/spending_tendermint_update_session.spend_tendermint_update_session.spend ...
------- post-test output -------
spending_tendermint_update_session.spend_tendermint_update_session.spend: 14247 signed bytes, fee 782425 lovelace
----- post-test output end -----
  local-benchmark/spending_tendermint_update_session.spend_tendermint_update_session.spend ... ok (522ms)
  local-benchmark/minting_tendermint_update_session.mint_tendermint_update_session.mint ...
------- post-test output -------
minting_tendermint_update_session.mint_tendermint_update_session.mint: 7828 signed bytes, fee 499989 lovelace
----- post-test output end -----
  local-benchmark/minting_tendermint_update_session.mint_tendermint_update_session.mint ... ok (522ms)
  local-benchmark/spending_multitx_client.spend_multitx_client.spend ...
------- post-test output -------
fund spending_multitx_client.spend_multitx_client.spend: 290 signed bytes, fee 168317 lovelace
spending_multitx_client.spend_multitx_client.spend: 15619 signed bytes, fee 1500000 lovelace
----- post-test output end -----
  local-benchmark/spending_multitx_client.spend_multitx_client.spend ... ok (561ms)
  local-benchmark/minting_client_stt.mint_client_stt.mint ...
------- post-test output -------
minting_client_stt.mint_client_stt.mint: 8922 signed bytes, fee 548125 lovelace
----- post-test output end -----
  local-benchmark/minting_client_stt.mint_client_stt.mint ... ok (533ms)
  local-benchmark/spending_connection.spend_connection.spend ...
------- post-test output -------
spending_connection.spend_connection.spend: 11873 signed bytes, fee 677969 lovelace
----- post-test output end -----
  local-benchmark/spending_connection.spend_connection.spend ... ok (535ms)
  local-benchmark/minting_connection_stt.mint_connection_stt.mint ...
------- post-test output -------
minting_connection_stt.mint_connection_stt.mint: 14514 signed bytes, fee 794173 lovelace
----- post-test output end -----
  local-benchmark/minting_connection_stt.mint_connection_stt.mint ... ok (566ms)
  local-benchmark/spending_channel/chan_open_ack.chan_open_ack.mint ...
------- post-test output -------
spending_channel/chan_open_ack.chan_open_ack.mint: 13424 signed bytes, fee 746213 lovelace
----- post-test output end -----
  local-benchmark/spending_channel/chan_open_ack.chan_open_ack.mint ... ok (537ms)
  local-benchmark/spending_channel/chan_open_confirm.chan_open_confirm.mint ...
------- post-test output -------
spending_channel/chan_open_confirm.chan_open_confirm.mint: 13011 signed bytes, fee 728041 lovelace
----- post-test output end -----
  local-benchmark/spending_channel/chan_open_confirm.chan_open_confirm.mint ... ok (525ms)
  local-benchmark/spending_channel/chan_close_init.chan_close_init.mint ...
------- post-test output -------
spending_channel/chan_close_init.chan_close_init.mint: 9697 signed bytes, fee 582225 lovelace
----- post-test output end -----
  local-benchmark/spending_channel/chan_close_init.chan_close_init.mint ... ok (509ms)
  local-benchmark/spending_channel/chan_close_confirm.chan_close_confirm.mint ...
------- post-test output -------
spending_channel/chan_close_confirm.chan_close_confirm.mint: 12826 signed bytes, fee 719901 lovelace
----- post-test output end -----
  local-benchmark/spending_channel/chan_close_confirm.chan_close_confirm.mint ... ok (540ms)
  local-benchmark/spending_channel/recv_packet.recv_packet.mint ...
------- post-test output -------
spending_channel/recv_packet.recv_packet.mint: 14094 signed bytes, fee 775693 lovelace
----- post-test output end -----
  local-benchmark/spending_channel/recv_packet.recv_packet.mint ... ok (546ms)
  local-benchmark/spending_channel/send_packet.send_packet.mint ...
------- post-test output -------
spending_channel/send_packet.send_packet.mint: 11437 signed bytes, fee 658785 lovelace
----- post-test output end -----
  local-benchmark/spending_channel/send_packet.send_packet.mint ... ok (561ms)
  local-benchmark/spending_channel/timeout_packet.timeout_packet.mint ...
------- post-test output -------
fund spending_channel/timeout_packet.timeout_packet.mint: 290 signed bytes, fee 168317 lovelace
spending_channel/timeout_packet.timeout_packet.mint: 15768 signed bytes, fee 1500000 lovelace
----- post-test output end -----
  local-benchmark/spending_channel/timeout_packet.timeout_packet.mint ... ok (631ms)
  local-benchmark/spending_channel/acknowledge_packet.acknowledge_packet.mint ...
------- post-test output -------
spending_channel/acknowledge_packet.acknowledge_packet.mint: 12992 signed bytes, fee 727205 lovelace
----- post-test output end -----
  local-benchmark/spending_channel/acknowledge_packet.acknowledge_packet.mint ... ok (548ms)
  local-benchmark/spending_channel/prune_packet_history.prune_packet_history.mint ...
------- post-test output -------
spending_channel/prune_packet_history.prune_packet_history.mint: 10187 signed bytes, fee 603785 lovelace
----- post-test output end -----
  local-benchmark/spending_channel/prune_packet_history.prune_packet_history.mint ... ok (562ms)
  local-benchmark/spending_channel.spend_channel.spend ...
------- post-test output -------
spending_channel.spend_channel.spend: 5510 signed bytes, fee 397997 lovelace
----- post-test output end -----
  local-benchmark/spending_channel.spend_channel.spend ... ok (525ms)
  local-benchmark/minting_channel_stt.mint_channel_stt.mint ...
------- post-test output -------
fund minting_channel_stt.mint_channel_stt.mint: 290 signed bytes, fee 168317 lovelace
minting_channel_stt.mint_channel_stt.mint: 15904 signed bytes, fee 1500000 lovelace
----- post-test output end -----
  local-benchmark/minting_channel_stt.mint_channel_stt.mint ... ok (535ms)
  local-benchmark/host_state_stt.host_state_stt.spend ...
------- post-test output -------
fund host_state_stt.host_state_stt.spend: 290 signed bytes, fee 168317 lovelace
host_state_stt.host_state_stt.spend: 15335 signed bytes, fee 1500000 lovelace
----- post-test output end -----
  local-benchmark/host_state_stt.host_state_stt.spend ... ok (530ms)
  local-benchmark/minting_identifier.minting_identifier.mint ...
------- post-test output -------
minting_identifier.minting_identifier.mint: 766 signed bytes, fee 189261 lovelace
----- post-test output end -----
  local-benchmark/minting_identifier.minting_identifier.mint ... ok (512ms)
  local-benchmark/voucher_metadata.voucher_metadata.spend ...
------- post-test output -------
voucher_metadata.voucher_metadata.spend: 2518 signed bytes, fee 266349 lovelace
----- post-test output end -----
  local-benchmark/voucher_metadata.voucher_metadata.spend ... ok (522ms)
  local-benchmark/minting_voucher.mint_voucher.mint ...
------- post-test output -------
minting_voucher.mint_voucher.mint: 14003 signed bytes, fee 771689 lovelace
----- post-test output end -----
  local-benchmark/minting_voucher.mint_voucher.mint ... ok (1s)
  local-benchmark/minting_transfer_escrow_shard.mint_transfer_escrow_shard.mint ...
------- post-test output -------
minting_transfer_escrow_shard.mint_transfer_escrow_shard.mint: 8051 signed bytes, fee 509801 lovelace
----- post-test output end -----
  local-benchmark/minting_transfer_escrow_shard.mint_transfer_escrow_shard.mint ... ok (1s)
  local-benchmark/spending_transfer_module.spend_transfer_module.spend ...
------- post-test output -------
fund spending_transfer_module.spend_transfer_module.spend: 290 signed bytes, fee 168317 lovelace
spending_transfer_module.spend_transfer_module.spend: 15529 signed bytes, fee 1500000 lovelace
----- post-test output end -----
  local-benchmark/spending_transfer_module.spend_transfer_module.spend ... ok (812ms)
  local-benchmark/minting_trace_registry_benchmark_voucher.mint_trace_registry_benchmark_voucher.mint ...
------- post-test output -------
minting_trace_registry_benchmark_voucher.mint_trace_registry_benchmark_voucher.mint: 674 signed bytes, fee 185213 lovelace
----- post-test output end -----
  local-benchmark/minting_trace_registry_benchmark_voucher.mint_trace_registry_benchmark_voucher.mint ... ok (844ms)
  local-benchmark/trace_registry.spend_trace_registry.spend ...
------- post-test output -------
trace_registry.spend_trace_registry.spend: 8568 signed bytes, fee 532549 lovelace
----- post-test output end -----
  local-benchmark/trace_registry.spend_trace_registry.spend ... ok (1s)
  local-benchmark/spending_mock_module.spend_mock_module.spend ...
------- post-test output -------
spending_mock_module.spend_mock_module.spend: 4142 signed bytes, fee 337805 lovelace
----- post-test output end -----
  local-benchmark/spending_mock_module.spend_mock_module.spend ... ok (697ms)
every applied reference validator fits its signed production transaction ... ok (34s)
ordinary reference batches balance change and preserve every script output ...
------- post-test output -------
bootstrap reference batch: 5300 signed bytes, fee 388757 lovelace
----- post-test output end -----
ordinary reference batches balance change and preserve every script output ... ok (1s)
HostState bootstrap evaluates and fits with inline policy, datum and wallet witness ...
------- post-test output -------
MintHostStateNFT: 2623 signed bytes, fee 274828 lovelace
----- post-test output end -----
HostState bootstrap evaluates and fits with inline policy, datum and wallet witness ... ok (823ms)
mock token mint fits with inline policy, wallet witness and token change ...
------- post-test output -------
Mint mock token: 685 signed bytes, fee 186397 lovelace
----- post-test output end -----
mock token mint fits with inline policy, wallet witness and token change ... ok (660ms)

ok | 32 passed (57 steps) | 0 failed (46s)

