Task test:migration deno test --allow-env --allow-read --allow-write src/migration.test.ts src/migration-accounting.test.ts src/migration-operator.test.ts src/migration-inventory.test.ts src/migration-history.test.ts src/deployment-mode.test.ts scripts/migrate-deployment.test.ts src/protocol_parameters.test.ts src/ogmios-script.test.ts
Check scripts/migrate-deployment.test.ts
Check src/migration.test.ts
Check src/migration-accounting.test.ts
Check src/migration-operator.test.ts
Check src/migration-inventory.test.ts
Check src/migration-history.test.ts
Check src/deployment-mode.test.ts
Check src/protocol_parameters.test.ts
Check src/ogmios-script.test.ts
running 7 tests from ./scripts/migrate-deployment.test.ts
migration CLI requires explicit artifacts, funding and bounded execution ... ok (3ms)
durable submission recovers accepted transactions after RPC loss and process restart without a second spend ... ok (83ms)
concurrent publication executors share the first complete signed journal record ... ok (39ms)
expired publication rebuilds lazily with the original input and rejects a substituted anchor ... ok (62ms)
rollback reconciliation adopts an older canonical revision instead of broadcasting its replacement ... ok (54ms)
concurrent expired-publication rebuilds adopt one immutable replacement spending the original input ... ok (61ms)
emergency authority rotation requires an exact authority and cannot request permission changes ... ok (87µs)
running 8 tests from ./src/migration.test.ts
upgrade profile round-trips the full registry and retains policies across two successors ... ok (900ms)
successor preparation rejects retained dependency and module identity substitution ... ok (721ms)
upgradeable reference publication fits exact signed transactions under production size limits ...
  upgradeable/host_state.host_state.spend ...
------- post-test output -------
upgradeable/host_state.host_state.spend: 16156 signed bytes; reference deposit 69632360 lovelace
----- post-test output end -----
  upgradeable/host_state.host_state.spend ... ok (776ms)
  upgradeable/client.client.spend ...
------- post-test output -------
upgradeable/client.client.spend: 16170 signed bytes; reference deposit 69692700 lovelace
----- post-test output end -----
  upgradeable/client.client.spend ... ok (764ms)
  upgradeable/connection.connection.spend ...
------- post-test output -------
upgradeable/connection.connection.spend: 12430 signed bytes; reference deposit 53573300 lovelace
----- post-test output end -----
  upgradeable/connection.connection.spend ... ok (711ms)
  upgradeable/channel.channel.spend ...
------- post-test output -------
upgradeable/channel.channel.spend: 6128 signed bytes; reference deposit 26131530 lovelace
----- post-test output end -----
  upgradeable/channel.channel.spend ... ok (724ms)
  upgradeable/transfer.transfer.spend ...
------- post-test output -------
upgradeable/transfer.transfer.spend: 16136 signed bytes; reference deposit 69546160 lovelace
----- post-test output end -----
  upgradeable/transfer.transfer.spend ... ok (708ms)
  upgradeable/mint_channel.mint_channel.mint ...
------- post-test output -------
upgradeable/mint_channel.mint_channel.mint: 16194 signed bytes; reference deposit 69796140 lovelace
----- post-test output end -----
  upgradeable/mint_channel.mint_channel.mint ... ok (699ms)
upgradeable reference publication fits exact signed transactions under production size limits ... ok (5s)
actual registry policy mints and delayed governance can approve then cancel ...
------- post-test output -------
approve: 1835 bytes, fee 712599 lovelace
----- post-test output end -----
actual registry policy mints and delayed governance can approve then cancel ... ok (811ms)
compiled registry rejects an approval without authority even when the builder is bypassed ... ok (861ms)
builder refuses premature execution and counterfeit registry identities ... ok (731ms)
real deployment stack bootstraps an explicitly authorized upgrade-capable baseline ...
------- post-test output -------
Create upgradeable deployment info
Reference preflight: 5 validator(s) exceed the conservative single-reference estimate; proceeding with dedicated single-script funding and exact signed-size validation against maxTxSize 16384.
Submitting tx [ RegisterRecoverClient ]
Submitting tx [ RegisterRecoverClient ]: signing ...
Submitting tx [ RegisterRecoverClient ]: signed tx size in bytes 264
Submitting tx [ RegisterRecoverClient ]: tx hash is 35073737897e7bbf71462986d3b68985ddb8afc4437fe0350147dcb7529680e6
Submitting tx [ RegisterRecoverClient ]: submitting (attempt 1/6) ...
Submitting tx [ RegisterRecoverClient ]: waiting for adoption (attempt 1/6) ...
Submitting tx [ RegisterRecoverClient ]: done
Deploy HostState (STT Architecture)
Reference preflight: 1 validator(s) exceed the conservative single-reference estimate; proceeding with dedicated single-script funding and exact signed-size validation against maxTxSize 16384.
Submitting tx [ MintHostStateNFT ]
Submitting tx [ MintHostStateNFT ]: size in bytes 2517
Submitting tx [ MintHostStateNFT ]: signing ...
Submitting tx [ MintHostStateNFT ]: signed tx size in bytes 2623
Submitting tx [ MintHostStateNFT ]: tx hash is f4ea32df5a77910f67b246414f4dca9415c1bc1be3acec400946b3fdede9af16
Submitting tx [ MintHostStateNFT ]: submitting (attempt 1/6) ...
Submitting tx [ MintHostStateNFT ]: waiting for adoption (attempt 1/6) ...
Submitting tx [ MintHostStateNFT ]: done
HostState NFT minted and HostState UTXO created
Create reference utxos starting ...
Reference validator size preflight: 3 validators, maxTxSize=16384, safeTxBudget=15384, estimatedBatchPayloadBudget=11384, estimatedSingleValidatorBudget=15634
  #2 e23f8425def9b21cdfdaccdd6831e16fa99723d432a3521fa3361631 script=15940 estimatedRefOutput=16140 NEAR LIMIT: exact signed size required
  #1 c371f90846e40cafac7ec92a46a75263b3fad7eca5ecee35b1458cd9 script=4478 estimatedRefOutput=4678 
  #3 10c74a58c20630e59064d7bb9cc8e6af1df48e07898282f75a962b98 script=482 estimatedRefOutput=682 
Reference preflight: 1 validator(s) exceed the conservative single-reference estimate; proceeding with dedicated single-script funding and exact signed-size validation against maxTxSize 16384.
Submitting 3 reference transactions for 3 validators ...
Preparing reference batch for validators 1-1 (1 validators) ...
Submitted reference batch 1-1: d95cb1237a299af7c4f3651a818b3385a8716449e86296c03e6cfea0092bcaf1
Preparing reference batch for validators 2-2 (1 validators) ...
Preparing dedicated reference funding UTxO 2-2 with 71132360 lovelace ...
Submitting tx [ Prepare reference funding 2-2 ]
Submitting tx [ Prepare reference funding 2-2 ]: signing ...
Submitting tx [ Prepare reference funding 2-2 ]: signed tx size in bytes 291
Submitting tx [ Prepare reference funding 2-2 ]: tx hash is 5929b6280adfad2bf5bcd83476baeb903760cb1164543919234894a06bb766d4
Submitting tx [ Prepare reference funding 2-2 ]: submitting (attempt 1/6) ...
Submitting tx [ Prepare reference funding 2-2 ]: waiting for adoption (attempt 1/6) ...
Submitting tx [ Prepare reference funding 2-2 ]: done
Submitted reference batch 2-2: f1eb1f9d4116ad3e2fe4a316b0a64b4a33c1e84b89009f57571c7c7bcc6b5535
Preparing reference batch for validators 3-3 (1 validators) ...
Submitted reference batch 3-3: f267506ae2c96a452a6586e8d720a24c971ebdc2b2b61cee8b8044cd905a42c8
Create Transfer Module
Reference preflight: 1 validator(s) exceed the conservative single-reference estimate; proceeding with dedicated single-script funding and exact signed-size validation against maxTxSize 16384.
Submitting tx [ Mint Transfer Module ]
Submitting tx [ Mint Transfer Module ]: size in bytes 3711
Submitting tx [ Mint Transfer Module ]: signing ...
Submitting tx [ Mint Transfer Module ]: signed tx size in bytes 3817
Submitting tx [ Mint Transfer Module ]: tx hash is 4e0fab115bc763c1272289cbc735ebe6c711e6068606564c95a492411a87996f
Submitting tx [ Mint Transfer Module ]: submitting (attempt 1/6) ...
Submitting tx [ Mint Transfer Module ]: waiting for adoption (attempt 1/6) ...
Submitting tx [ Mint Transfer Module ]: done
Create Trace Registry
Submitting tx [ Mint Trace Registry Shard 0 ]
Submitting tx [ Mint Trace Registry Shard 0 ]: size in bytes 999
Submitting tx [ Mint Trace Registry Shard 0 ]: signing ...
Submitting tx [ Mint Trace Registry Shard 0 ]: signed tx size in bytes 1105
Submitting tx [ Mint Trace Registry Shard 0 ]: tx hash is 468141e8dea8b1dc673ba63f75c622b93b21c7308de3b87a185ebb32976f6892
Submitting tx [ Mint Trace Registry Shard 0 ]: submitting (attempt 1/6) ...
Submitting tx [ Mint Trace Registry Shard 0 ]: waiting for adoption (attempt 1/6) ...
Submitting tx [ Mint Trace Registry Shard 0 ]: done
Submitting tx [ Mint Trace Registry Shard 1 ]
Submitting tx [ Mint Trace Registry Shard 1 ]: size in bytes 999
Submitting tx [ Mint Trace Registry Shard 1 ]: signing ...
Submitting tx [ Mint Trace Registry Shard 1 ]: signed tx size in bytes 1105
Submitting tx [ Mint Trace Registry Shard 1 ]: tx hash is 2ac1410244a9c3e61ff2176a11804fb7bbf25d050c9263ebe2fdaab321faddc9
Submitting tx [ Mint Trace Registry Shard 1 ]: submitting (attempt 1/6) ...
Submitting tx [ Mint Trace Registry Shard 1 ]: waiting for adoption (attempt 1/6) ...
Submitting tx [ Mint Trace Registry Shard 1 ]: done
Submitting tx [ Mint Trace Registry Shard 2 ]
Submitting tx [ Mint Trace Registry Shard 2 ]: size in bytes 999
Submitting tx [ Mint Trace Registry Shard 2 ]: signing ...
Submitting tx [ Mint Trace Registry Shard 2 ]: signed tx size in bytes 1105
Submitting tx [ Mint Trace Registry Shard 2 ]: tx hash is 02b1215b06ab0348933fdcbe22e61fab2b3e801cea98dec282ee3bceb605b92d
Submitting tx [ Mint Trace Registry Shard 2 ]: submitting (attempt 1/6) ...
Submitting tx [ Mint Trace Registry Shard 2 ]: waiting for adoption (attempt 1/6) ...
Submitting tx [ Mint Trace Registry Shard 2 ]: done
Submitting tx [ Mint Trace Registry Shard 3 ]
Submitting tx [ Mint Trace Registry Shard 3 ]: size in bytes 999
Submitting tx [ Mint Trace Registry Shard 3 ]: signing ...
Submitting tx [ Mint Trace Registry Shard 3 ]: signed tx size in bytes 1105
Submitting tx [ Mint Trace Registry Shard 3 ]: tx hash is 85a3c1bb40fec1fe5a675f0eadeb84ac7b4ec1d244a08fee23872adb4d08dce6
Submitting tx [ Mint Trace Registry Shard 3 ]: submitting (attempt 1/6) ...
Submitting tx [ Mint Trace Registry Shard 3 ]: waiting for adoption (attempt 1/6) ...
Submitting tx [ Mint Trace Registry Shard 3 ]: done
Submitting tx [ Mint Trace Registry Shard 4 ]
Submitting tx [ Mint Trace Registry Shard 4 ]: size in bytes 999
Submitting tx [ Mint Trace Registry Shard 4 ]: signing ...
Submitting tx [ Mint Trace Registry Shard 4 ]: signed tx size in bytes 1105
Submitting tx [ Mint Trace Registry Shard 4 ]: tx hash is 3eaf34583e0aa564b30b38b65d1629e1135b38cd3990c004b0c14073b14d5644
Submitting tx [ Mint Trace Registry Shard 4 ]: submitting (attempt 1/6) ...
Submitting tx [ Mint Trace Registry Shard 4 ]: waiting for adoption (attempt 1/6) ...
Submitting tx [ Mint Trace Registry Shard 4 ]: done
Submitting tx [ Mint Trace Registry Shard 5 ]
Submitting tx [ Mint Trace Registry Shard 5 ]: size in bytes 999
Submitting tx [ Mint Trace Registry Shard 5 ]: signing ...
Submitting tx [ Mint Trace Registry Shard 5 ]: signed tx size in bytes 1105
Submitting tx [ Mint Trace Registry Shard 5 ]: tx hash is 2f7d8b4f1b69ef4e10545a7b5b04a471532a7625ee619a50d9f3d81ba87a05d2
Submitting tx [ Mint Trace Registry Shard 5 ]: submitting (attempt 1/6) ...
Submitting tx [ Mint Trace Registry Shard 5 ]: waiting for adoption (attempt 1/6) ...
Submitting tx [ Mint Trace Registry Shard 5 ]: done
Submitting tx [ Mint Trace Registry Shard 6 ]
Submitting tx [ Mint Trace Registry Shard 6 ]: size in bytes 999
Submitting tx [ Mint Trace Registry Shard 6 ]: signing ...
Submitting tx [ Mint Trace Registry Shard 6 ]: signed tx size in bytes 1105
Submitting tx [ Mint Trace Registry Shard 6 ]: tx hash is a8dd918531c152b8a6b813b5a7338bc91d17f872e70ea924501edf0619fd5774
Submitting tx [ Mint Trace Registry Shard 6 ]: submitting (attempt 1/6) ...
Submitting tx [ Mint Trace Registry Shard 6 ]: waiting for adoption (attempt 1/6) ...
Submitting tx [ Mint Trace Registry Shard 6 ]: done
Submitting tx [ Mint Trace Registry Shard 7 ]
Submitting tx [ Mint Trace Registry Shard 7 ]: size in bytes 999
Submitting tx [ Mint Trace Registry Shard 7 ]: signing ...
Submitting tx [ Mint Trace Registry Shard 7 ]: signed tx size in bytes 1105
Submitting tx [ Mint Trace Registry Shard 7 ]: tx hash is 9083a0cf56f6688a066316f3c14b98ed56b034ca2e374d2f4a9b8c6679095c1d
Submitting tx [ Mint Trace Registry Shard 7 ]: submitting (attempt 1/6) ...
Submitting tx [ Mint Trace Registry Shard 7 ]: waiting for adoption (attempt 1/6) ...
Submitting tx [ Mint Trace Registry Shard 7 ]: done
Submitting tx [ Mint Trace Registry Shard 8 ]
Submitting tx [ Mint Trace Registry Shard 8 ]: size in bytes 999
Submitting tx [ Mint Trace Registry Shard 8 ]: signing ...
Submitting tx [ Mint Trace Registry Shard 8 ]: signed tx size in bytes 1105
Submitting tx [ Mint Trace Registry Shard 8 ]: tx hash is 11e5d2f8142a7ef34796eadbaab213bc995de72b08d302e80367f9c878b2bc84
Submitting tx [ Mint Trace Registry Shard 8 ]: submitting (attempt 1/6) ...
Submitting tx [ Mint Trace Registry Shard 8 ]: waiting for adoption (attempt 1/6) ...
Submitting tx [ Mint Trace Registry Shard 8 ]: done
Submitting tx [ Mint Trace Registry Shard 9 ]
Submitting tx [ Mint Trace Registry Shard 9 ]: size in bytes 999
Submitting tx [ Mint Trace Registry Shard 9 ]: signing ...
Submitting tx [ Mint Trace Registry Shard 9 ]: signed tx size in bytes 1105
Submitting tx [ Mint Trace Registry Shard 9 ]: tx hash is 1315612163fd3cc020f68b085522cce3b180e57e7e81aa1f1613868a41f7bf8f
Submitting tx [ Mint Trace Registry Shard 9 ]: submitting (attempt 1/6) ...
Submitting tx [ Mint Trace Registry Shard 9 ]: waiting for adoption (attempt 1/6) ...
Submitting tx [ Mint Trace Registry Shard 9 ]: done
Submitting tx [ Mint Trace Registry Shard 10 ]
Submitting tx [ Mint Trace Registry Shard 10 ]: size in bytes 999
Submitting tx [ Mint Trace Registry Shard 10 ]: signing ...
Submitting tx [ Mint Trace Registry Shard 10 ]: signed tx size in bytes 1105
Submitting tx [ Mint Trace Registry Shard 10 ]: tx hash is 79a5aae1aa5b25d5d6bb68c441b0571e3b9945ae58889c645cce166218748960
Submitting tx [ Mint Trace Registry Shard 10 ]: submitting (attempt 1/6) ...
Submitting tx [ Mint Trace Registry Shard 10 ]: waiting for adoption (attempt 1/6) ...
Submitting tx [ Mint Trace Registry Shard 10 ]: done
Submitting tx [ Mint Trace Registry Shard 11 ]
Submitting tx [ Mint Trace Registry Shard 11 ]: size in bytes 999
Submitting tx [ Mint Trace Registry Shard 11 ]: signing ...
Submitting tx [ Mint Trace Registry Shard 11 ]: signed tx size in bytes 1105
Submitting tx [ Mint Trace Registry Shard 11 ]: tx hash is 27dd8e1cb2a4373bd9beb7c1c99a058d692b35a5561faea08cfcfcb44a8a0e2e
Submitting tx [ Mint Trace Registry Shard 11 ]: submitting (attempt 1/6) ...
Submitting tx [ Mint Trace Registry Shard 11 ]: waiting for adoption (attempt 1/6) ...
Submitting tx [ Mint Trace Registry Shard 11 ]: done
Submitting tx [ Mint Trace Registry Shard 12 ]
Submitting tx [ Mint Trace Registry Shard 12 ]: size in bytes 999
Submitting tx [ Mint Trace Registry Shard 12 ]: signing ...
Submitting tx [ Mint Trace Registry Shard 12 ]: signed tx size in bytes 1105
Submitting tx [ Mint Trace Registry Shard 12 ]: tx hash is 90218c2f947edba218981296a1fbfe62de93dbd6b366ef3deee9637874e241b5
Submitting tx [ Mint Trace Registry Shard 12 ]: submitting (attempt 1/6) ...
Submitting tx [ Mint Trace Registry Shard 12 ]: waiting for adoption (attempt 1/6) ...
Submitting tx [ Mint Trace Registry Shard 12 ]: done
Submitting tx [ Mint Trace Registry Shard 13 ]
Submitting tx [ Mint Trace Registry Shard 13 ]: size in bytes 999
Submitting tx [ Mint Trace Registry Shard 13 ]: signing ...
Submitting tx [ Mint Trace Registry Shard 13 ]: signed tx size in bytes 1105
Submitting tx [ Mint Trace Registry Shard 13 ]: tx hash is 6f1f5c32902601a85bc3b3e5687c0d3f7b904adb3036989547ac6b678ac1208d
Submitting tx [ Mint Trace Registry Shard 13 ]: submitting (attempt 1/6) ...
Submitting tx [ Mint Trace Registry Shard 13 ]: waiting for adoption (attempt 1/6) ...
Submitting tx [ Mint Trace Registry Shard 13 ]: done
Submitting tx [ Mint Trace Registry Shard 14 ]
Submitting tx [ Mint Trace Registry Shard 14 ]: size in bytes 999
Submitting tx [ Mint Trace Registry Shard 14 ]: signing ...
Submitting tx [ Mint Trace Registry Shard 14 ]: signed tx size in bytes 1105
Submitting tx [ Mint Trace Registry Shard 14 ]: tx hash is 3dc801633a2002f3945dac2e74972387ad23aff7277ff9bd0cb4911963d9a90c
Submitting tx [ Mint Trace Registry Shard 14 ]: submitting (attempt 1/6) ...
Submitting tx [ Mint Trace Registry Shard 14 ]: waiting for adoption (attempt 1/6) ...
Submitting tx [ Mint Trace Registry Shard 14 ]: done
Submitting tx [ Mint Trace Registry Shard 15 ]
Submitting tx [ Mint Trace Registry Shard 15 ]: size in bytes 999
Submitting tx [ Mint Trace Registry Shard 15 ]: signing ...
Submitting tx [ Mint Trace Registry Shard 15 ]: signed tx size in bytes 1105
Submitting tx [ Mint Trace Registry Shard 15 ]: tx hash is c656c1af20094af7e1ca9c770e365bd46c4b6fbf0c27d825881dfdcca66788d1
Submitting tx [ Mint Trace Registry Shard 15 ]: submitting (attempt 1/6) ...
Submitting tx [ Mint Trace Registry Shard 15 ]: waiting for adoption (attempt 1/6) ...
Submitting tx [ Mint Trace Registry Shard 15 ]: done
Submitting tx [ Mint Trace Registry Directory ]
Submitting tx [ Mint Trace Registry Directory ]: size in bytes 1624
Submitting tx [ Mint Trace Registry Directory ]: signing ...
Submitting tx [ Mint Trace Registry Directory ]: signed tx size in bytes 1730
Submitting tx [ Mint Trace Registry Directory ]: tx hash is 9fc1512794646e91a061916d85291a09a8621766611ea5302928f543cc038ef0
Submitting tx [ Mint Trace Registry Directory ]: submitting (attempt 1/6) ...
Submitting tx [ Mint Trace Registry Directory ]: waiting for adoption (attempt 1/6) ...
Submitting tx [ Mint Trace Registry Directory ]: done
Create Generic Module mock
Submitting tx [ Mint mock Module ]
Submitting tx [ Mint mock Module ]: size in bytes 3829
Submitting tx [ Mint mock Module ]: signing ...
Submitting tx [ Mint mock Module ]: signed tx size in bytes 3935
Submitting tx [ Mint mock Module ]: tx hash is c962cf4cba5eb2a74c035f3c2ca88daf1d35375ac619bc0bbfd316b93445ec7f
Submitting tx [ Mint mock Module ]: submitting (attempt 1/6) ...
Submitting tx [ Mint mock Module ]: waiting for adoption (attempt 1/6) ...
Submitting tx [ Mint mock Module ]: done
Create Generic Module icqhost
Submitting tx [ Mint icqhost Module ]
Submitting tx [ Mint icqhost Module ]: size in bytes 4010
Submitting tx [ Mint icqhost Module ]: signing ...
Submitting tx [ Mint icqhost Module ]: signed tx size in bytes 4116
Submitting tx [ Mint icqhost Module ]: tx hash is d42d57fd2f2cdc06454e2e14be76ff95b66ed3a409750e714d4c64d2eba895ff
Submitting tx [ Mint icqhost Module ]: submitting (attempt 1/6) ...
Submitting tx [ Mint icqhost Module ]: waiting for adoption (attempt 1/6) ...
Submitting tx [ Mint icqhost Module ]: done
Create reference utxos starting ...
Reference validator size preflight: 26 validators, maxTxSize=16384, safeTxBudget=15384, estimatedBatchPayloadBudget=11384, estimatedSingleValidatorBudget=15634
  #20 e814cdcc6d0257b68220da5e2ee5c03071e2659eb1b96baded024761 script=15978 estimatedRefOutput=16178 NEAR LIMIT: exact signed size required
  #6 938ac0f5bceb9c53fd41d49a8dfee907beb154557279437095968afa script=15954 estimatedRefOutput=16154 NEAR LIMIT: exact signed size required
  #24 07c7dca2e86bcfa1c414a7c8aff0440815dd7a41854da0d78cd146d7 script=15920 estimatedRefOutput=16120 NEAR LIMIT: exact signed size required
  #16 6c2445c194f63b0467a63290a40ea48919a6849d3ff9153ac8c336ff script=15552 estimatedRefOutput=15752 NEAR LIMIT: exact signed size required
  #4 14acc40537f57867d20fddf1e8cbed09d3676e6fb43ba9b43e0d844f script=13966 estimatedRefOutput=14166 
  #14 5936e95dd287df5754b26546edb98527f38956198865aaeedb801e10 script=13813 estimatedRefOutput=14013 
  #22 1fc28689440934e7da2bce393b91d4437d5fec5b9d9f49ff2f6b03de script=13722 estimatedRefOutput=13922 
  #9 f6584c0d3869d5953c87df710abdfc65995272df7aba91cbdbb8f189 script=13677 estimatedRefOutput=13877 
  #10 f1978a540c3646736f0bb980ee3cf8617cc11292cebaccea617ccf26 script=13143 estimatedRefOutput=13343 
  #3 e4ec2f3c347fa0c4bcb63c8fc9b79d38bc98ec784d66a538b20ee334 script=12850 estimatedRefOutput=13050 
  #11 8d630504e4db6ccfcc255f5a640d3cd1dceac8664b3d761d62b72502 script=12730 estimatedRefOutput=12930 
  #17 e2574dfde9f04367cdd4fc1831e82883fbc7aa9c76b8133e34f5c1fb script=12711 estimatedRefOutput=12911 
  #13 e6611aceb39ae4b0fbe27109843d4b7398a76698a92b142aa0e6502e script=12545 estimatedRefOutput=12745 
  #8 4267d11297811ddf5d0ac3a10be36fa66040f4fe2512785149a79485 script=12214 estimatedRefOutput=12414 
  #2 e37bd8cee820d902def2a646656730639a51dd0b3bc71f2e35bd7b07 script=11925 estimatedRefOutput=12125 
  #15 7b1963dd4e1a09505cdacf220827e80607fe44bced4c03afba5b6092 script=11156 estimatedRefOutput=11356 
  #18 63eca9ace82be45936374d8ad124e1db11cf56ab94ad170858bc3e74 script=9906 estimatedRefOutput=10106 
  #1 1057696f6753aed9b03e2e69d049b9f622ed22b4fee146fc5da2cb7f script=9614 estimatedRefOutput=9814 
  #12 c4b744f6e4d311f3520ca09c63e59ce6c00371555f6fcf6a6325e87f script=9416 estimatedRefOutput=9616 
  #25 ab19391184e8b419edf480f8340e0afe150a14418c80bcabc674032e script=8258 estimatedRefOutput=8458 
  #7 d69e0f5092ff4c9389eae2988ce316a1ba069e0d94730f0d58a9d667 script=7908 estimatedRefOutput=8108 
  #23 3a5dda031d2574b71ab9f9ac31c9066964af02daf5e6059ea4983a74 script=7770 estimatedRefOutput=7970 
  #5 73634f4af24fc7d1b4906f9bcf135f41bab7592c2c06033cde636913 script=7547 estimatedRefOutput=7747 
  #19 56ae3df4752075fd65ba603a1d653adc9261969f0b175586c99c46b5 script=5847 estimatedRefOutput=6047 
  #26 d20ef715e9f8d0e3b33944218fff5356fd6770234bdc635bd8f7a450 script=3861 estimatedRefOutput=4061 
  #21 57da5410b343ba6d83e87c23d6659a540c35d529c9459d1b0f87be60 script=2237 estimatedRefOutput=2437 
Reference preflight: 4 validator(s) exceed the conservative single-reference estimate; proceeding with dedicated single-script funding and exact signed-size validation against maxTxSize 16384.
Submitting 26 reference transactions for 26 validators ...
Preparing reference batch for validators 1-1 (1 validators) ...
Submitted reference batch 1-1: e4f5fe4a2f5d244d65d797e16fa2bcec47f0b0eb6d79d77d62a220f4850b8537
Preparing reference batch for validators 2-2 (1 validators) ...
Submitted reference batch 2-2: fc2ffdd508cf5bb5db9244f7f5351c4c4075d8cbb364565fc1e87aa58e4ae3c2
Preparing reference batch for validators 3-3 (1 validators) ...
Submitted reference batch 3-3: 43c2b5cce435204a55aaa720d365013fe30bb0b802a2d41b372c8e7d0f0cc817
Preparing reference batch for validators 4-4 (1 validators) ...
Submitted reference batch 4-4: e2a58930f29bc26528c3e331bb9618f9d4a96812227f99d964930bd3c3d0d30c
Preparing reference batch for validators 5-5 (1 validators) ...
Submitted reference batch 5-5: 3f1c9d9d7fb89bebc6772db84881b563f7fa33dd3b02c0a5ecdae54421d30b15
Preparing reference batch for validators 6-6 (1 validators) ...
Preparing dedicated reference funding UTxO 6-6 with 71192700 lovelace ...
Submitting tx [ Prepare reference funding 6-6 ]
Submitting tx [ Prepare reference funding 6-6 ]: signing ...
Submitting tx [ Prepare reference funding 6-6 ]: signed tx size in bytes 291
Submitting tx [ Prepare reference funding 6-6 ]: tx hash is f2f555821e7d7a7656fa417f77b3035cdb005026f4185bca9c93e70a93637897
Submitting tx [ Prepare reference funding 6-6 ]: submitting (attempt 1/6) ...
Submitting tx [ Prepare reference funding 6-6 ]: waiting for adoption (attempt 1/6) ...
Submitting tx [ Prepare reference funding 6-6 ]: done
Submitted reference batch 6-6: 14f4bdad935136b69b9e85d2249511fd43d18785966bdc160cb9e9fc4ebb9485
Preparing reference batch for validators 7-7 (1 validators) ...
Submitted reference batch 7-7: 20b133899a45c41f98f3df9eab0355847206570c661b45c643fd473811d3fea0
Preparing reference batch for validators 8-8 (1 validators) ...
Submitted reference batch 8-8: 17d1d365d66c541b348f91b83423859cc44421fa5f85ec5c93fc0d06370fd877
Preparing reference batch for validators 9-9 (1 validators) ...
Submitted reference batch 9-9: f35d086703ae6a4d01b6d1e137799528647bc542ab045a55950880f5d9ea85d9
Preparing reference batch for validators 10-10 (1 validators) ...
Submitted reference batch 10-10: d751a00aa61be61470f647abe7a9e626b541036140bedef38d0c88b70d12023f
Preparing reference batch for validators 11-11 (1 validators) ...
Submitted reference batch 11-11: c1d7d389c17a167883aa844c34cb9bb53d71cd4660eb1af8752c100512cd4bac
Preparing reference batch for validators 12-12 (1 validators) ...
Submitted reference batch 12-12: ba5ab6cdc6cf6ca06ef3f6d139bc2c7e64573c6576bb8f7baf4ec8cb55ca811a
Preparing reference batch for validators 13-13 (1 validators) ...
Submitted reference batch 13-13: c482a32a90bb81ba26762bb8c18c9f2ba61ce2aabeb332d2dbfb67e4b731623b
Preparing reference batch for validators 14-14 (1 validators) ...
Submitted reference batch 14-14: d2f64f2f92987aae9ab3c3f1d0d0383cf4707288c621d39ef2dce1d907ecd80c
Preparing reference batch for validators 15-15 (1 validators) ...
Submitted reference batch 15-15: ca26d27bd5613fe2da05787c8e23d974e00fdee84839b2371d354e98bc5185c8
Preparing reference batch for validators 16-16 (1 validators) ...
Preparing dedicated reference funding UTxO 16-16 with 69460080 lovelace ...
Submitting tx [ Prepare reference funding 16-16 ]
Submitting tx [ Prepare reference funding 16-16 ]: signing ...
Submitting tx [ Prepare reference funding 16-16 ]: signed tx size in bytes 291
Submitting tx [ Prepare reference funding 16-16 ]: tx hash is 167eb738fbc8cee259bd87b73df0e864c53286fa1869dae4b65ca5bddb5f47ee
Submitting tx [ Prepare reference funding 16-16 ]: submitting (attempt 1/6) ...
Submitting tx [ Prepare reference funding 16-16 ]: waiting for adoption (attempt 1/6) ...
Submitting tx [ Prepare reference funding 16-16 ]: done
Submitted reference batch 16-16: 449ee14dcf8a62516275d466d8d4e605432417b2953256c2c26bca9df3812721
Preparing reference batch for validators 17-17 (1 validators) ...
Submitted reference batch 17-17: 7cf8131f2b016d05136b59f6141c27e21a07935f667bb664ea0301cc400adce6
Preparing reference batch for validators 18-18 (1 validators) ...
Submitted reference batch 18-18: 699c20a46abb114eb42059cfed1154537deb2c123a79844816d241519925fa0c
Preparing reference batch for validators 19-19 (1 validators) ...
Submitted reference batch 19-19: a547a91eacdbe7131b403dac3f83fd53effd34e1a61e63ff79de7ccd41611103
Preparing reference batch for validators 20-20 (1 validators) ...
Preparing dedicated reference funding UTxO 20-20 with 71296140 lovelace ...
Submitting tx [ Prepare reference funding 20-20 ]
Submitting tx [ Prepare reference funding 20-20 ]: signing ...
Submitting tx [ Prepare reference funding 20-20 ]: signed tx size in bytes 291
Submitting tx [ Prepare reference funding 20-20 ]: tx hash is 83334249eb0053e4ea2705dd0831c589693f06c464cdb871b1b8c9c5aa5d7416
Submitting tx [ Prepare reference funding 20-20 ]: submitting (attempt 1/6) ...
Submitting tx [ Prepare reference funding 20-20 ]: waiting for adoption (attempt 1/6) ...
Submitting tx [ Prepare reference funding 20-20 ]: done
Submitted reference batch 20-20: 600b35364ccbcf132a75376f4ce9e1fa2d340eafbe4647758b593addd4fe955e
Preparing reference batch for validators 21-21 (1 validators) ...
Submitted reference batch 21-21: 079681788991328baddc21fdf891b99c0ede0b2aed88217e22d9dd56f3c6cd1e
Preparing reference batch for validators 22-22 (1 validators) ...
Submitted reference batch 22-22: 17b79354ca84ccb8c65fbc3d116f23e1c45945658f25f492037013f8168c86b0
Preparing reference batch for validators 23-23 (1 validators) ...
Submitted reference batch 23-23: a3b2c617554405569050b1dc51176fb264f568fc87080818b2591f8e4c56fa91
Preparing reference batch for validators 24-24 (1 validators) ...
Preparing dedicated reference funding UTxO 24-24 with 71046160 lovelace ...
Submitting tx [ Prepare reference funding 24-24 ]
Submitting tx [ Prepare reference funding 24-24 ]: signing ...
Submitting tx [ Prepare reference funding 24-24 ]: signed tx size in bytes 291
Submitting tx [ Prepare reference funding 24-24 ]: tx hash is 370728a1720a1fb9ca2a3ccdc38c47a6d1e8ab7e943a855a6144f161e4d860c6
Submitting tx [ Prepare reference funding 24-24 ]: submitting (attempt 1/6) ...
Submitting tx [ Prepare reference funding 24-24 ]: waiting for adoption (attempt 1/6) ...
Submitting tx [ Prepare reference funding 24-24 ]: done
Submitted reference batch 24-24: f1b47f16ca9fe15c0a9840115fc3c8434d8724ab568bc488675248185546ab31
Preparing reference batch for validators 25-25 (1 validators) ...
Submitted reference batch 25-25: 374ac809f5ca07e7385ddc033b8ac1053bbaa8af06176f6a1f734f239d6eac1f
Preparing reference batch for validators 26-26 (1 validators) ...
Submitted reference batch 26-26: 54335959f5b0d242fac83fe9aff33fbece0261bc6d929c32592b02b91504c48e
Submitting tx [ Mint mock token ]
Submitting tx [ Mint mock token ]: size in bytes 579
Submitting tx [ Mint mock token ]: signing ...
Submitting tx [ Mint mock token ]: signed tx size in bytes 685
Submitting tx [ Mint mock token ]: tx hash is e45e8d74e84a03dddb65feeb8c921436455fd38afe77c2a954b23cd8314b2a86
Submitting tx [ Mint mock token ]: submitting (attempt 1/6) ...
Submitting tx [ Mint mock token ]: waiting for adoption (attempt 1/6) ...
Submitting tx [ Mint mock token ]: done
Deployment info created!
successor generation 2 upgradeable/host_state.host_state.spend: 16282 signed publication bytes
successor generation 2 upgradeable/client.client.spend: 16235 signed publication bytes
successor generation 2 upgradeable/connection.connection.spend: 12538 signed publication bytes
successor generation 2 upgradeable/channel.channel.spend: 6270 signed publication bytes
successor generation 2 upgradeable/transfer.transfer.spend: 16278 signed publication bytes
building migration generation 2: Begin
generation 2, Begin: 2705 bytes, fee 2764702 lovelace
building migration generation 2: MoveTransferRoot
generation 2, MoveTransferRoot: 1966 bytes, fee 1220139 lovelace
building migration generation 2: Activate
generation 2, Activate: 4201 bytes, fee 1409004 lovelace
successor generation 3 upgradeable/host_state.host_state.spend: 16282 signed publication bytes
successor generation 3 upgradeable/client.client.spend: 16235 signed publication bytes
successor generation 3 upgradeable/connection.connection.spend: 12538 signed publication bytes
successor generation 3 upgradeable/channel.channel.spend: 6270 signed publication bytes
successor generation 3 upgradeable/transfer.transfer.spend: 16278 signed publication bytes
building migration generation 3: Begin
generation 3, Begin: 2705 bytes, fee 2775497 lovelace
building migration generation 3: MoveTransferRoot
generation 3, MoveTransferRoot: 1966 bytes, fee 1224051 lovelace
building migration generation 3: Activate
generation 3, Activate: 4201 bytes, fee 1408594 lovelace
----- post-test output end -----
real deployment stack bootstraps an explicitly authorized upgrade-capable baseline ... ok (2s)
compiled registry executes immediate separate-authority restriction and delayed restoration ... ok (1s)
running 4 tests from ./src/migration-accounting.test.ts
independent economic oracle preserves pending liabilities across partial moves and rejects duplicate settlement ... ok (3ms)
seeded compiled escrow migration rejects balanced accounting attacks, each with a valid builder control ...
  divert-principal ... ok (918ms)
  sweep-reserve ... ok (791ms)
  change-principal-datum ... ok (760ms)
  change-denom ... ok (743ms)
  change-channel ... ok (839ms)
  remove-nft ... ok (772ms)
  skip-inventory ... ok (780ms)
  double-satisfaction ... ok (761ms)
  extra-mint ... ok (790ms)
  extra-burn ... ok (790ms)
seeded compiled escrow migration rejects balanced accounting attacks, each with a valid builder control ... ok (7s)
seeded compiled channel migration rejects deletion of pending commitments ... ok (767ms)
seeded compiled partial migration preserves all obligations, rejects replay, and changes only the port commitment on activation ...
  seed 462 ... ok (905ms)
  seed 737 ... ok (930ms)
seeded compiled partial migration preserves all obligations, rejects replay, and changes only the port commitment on activation ... ok (1s)
running 3 tests from ./src/migration-operator.test.ts
production migration operator preserves a populated inventory through interruption ... ok (1s)
generated populations execute production migration builders and validators with independently checked assets and packet state ... ok (26s)
reviewed migration resolves a seeded transfer-root continuation before approval and Begin ... ok (1s)
running 1 test from ./src/migration-inventory.test.ts
inventory cache authenticates retry, competing execution, interruption and rollback against independent roots ... ok (845ms)
running 1 test from ./src/migration-history.test.ts
generated multi-route economic histories preserve old claims through repeated partial migrations ...
------- post-test output -------
economic model seed=462 histories=100 covered=burn-foreign,burn-remote,deposit,foreign-redeemed,foreign-remint,generation-2,generation-3,generation-4,interrupted-partial-migration,native-delivered,native-redeemed,native-refund,remote-remint
----- post-test output end -----
generated multi-route economic histories preserve old claims through repeated partial migrations ... ok (108ms)
running 1 test from ./src/deployment-mode.test.ts
deployment mode is explicit and governance omission fails before provider access ... ok (7ms)
running 2 tests from ./src/protocol_parameters.test.ts
Custom operational clock uses actual nonzero slot length and leaves public networks unchanged ... ok (2ms)
Custom operational clock rejects zero lengths and unsupported historical era models ... ok (317µs)
running 2 tests from ./src/ogmios-script.test.ts
Ogmios tagged script encoding preserves language and exact ledger hash ... ok (6ms)
Ogmios script encoding retains native scripts and rejects unknown types ... ok (519µs)

ok | 29 passed (18 steps) | 0 failed (57s)

